// Jest Snapshot v1, https://goo.gl/fbAQLP

exports[`UserFooter UserFooter 스냅샷 일치 1`] = `
<div>
  <footer
    class="border-t"
    data-testid="footer"
  >
    <div
      class="flex container text-xs justify-between min-h-[60px] gap-y-2 items-center flex-wrap py-4 text-foreground/60"
    >
      <div>
        <p>
          @Copyright 
          2024
          . DongCheol Kim. All rights reserved.
        </p>
      </div>
    </div>
  </footer>
</div>
`;
